
> @figma/my-make-file@0.0.1 build
> vite build

[36mvite v6.3.5 [32mbuilding for production...[36m[39m
transforming...
[32mΓ£ô[39m 18 modules transformed.
node.exe : 
[31mΓ£ù[39m Build 
failed in 234ms
At line:1 char:1
+ & "C:\Program 
Files\nodejs/node.exe" 
"C:\Program 
Files\nodejs/node_mo 
...
+ ~~~~~~~~~~~~~~~~~~~~~
~~~~~~~~~~~~~~~~~~~~~~~
~~~~~~~~~~~~~~~~~~~~~~~
~~
    + CategoryInfo     
         : NotSpecifi  
  ed: ([31mΓ£ù[39m   
  Build failed in 2    
34ms:String) [], R    
emoteException
    + FullyQualifiedEr 
   rorId : NativeComm  
  andError
 
[31merror during 
build:
[31m[vite:esbuild] 
Transform failed with 
1 error:
C:/Users/devil/OneDrive
/Desktop/LTO/src/app/pa
ges/Queue.tsx:60:33: 
ERROR: Syntax error 
"`"[31m
file: [36mC:/Users/dev
il/OneDrive/Desktop/LTO
/src/app/pages/Queue.ts
x:60:33[31m
[33m
[33mSyntax error 
"`"[33m
58 |      const 
checkPendingSession = 
async () => {
59 |        try {
60 |          const 
res = await fetch(\`/ap
i/sessions/pending?devi
ce_hash=\${DEVICE_HASH}
\`);
   |                   
                ^
61 |          if 
(res.ok) {
62 |             const 
data = await 
res.json();
[31m
    at 
failureErrorWithLog (C:
\Users\devil\OneDrive\D
esktop\LTO\node_modules
\esbuild\lib\main.js:14
67:15)
    at C:\Users\devil\O
neDrive\Desktop\LTO\nod
e_modules\esbuild\lib\m
ain.js:736:50
    at responseCallback
s.<computed> (C:\Users\
devil\OneDrive\Desktop\
LTO\node_modules\esbuil
d\lib\main.js:603:9)
    at 
handleIncomingPacket (C
:\Users\devil\OneDrive\
Desktop\LTO\node_module
s\esbuild\lib\main.js:6
58:12)
    at 
Socket.readFromStdout (
C:\Users\devil\OneDrive
\Desktop\LTO\node_modul
es\esbuild\lib\main.js:
581:7)
    at Socket.emit 
(node:events:508:28)
    at addChunk (node:i
nternal/streams/readabl
e:563:12)
    at readableAddChunk
PushByteMode (node:inte
rnal/streams/readable:5
14:3)
    at Readable.push (n
ode:internal/streams/re
adable:394:5)
    at 
Pipe.onStreamRead (node
:internal/stream_base_c
ommons:189:23)[39m
